ets Jun  8 2016 00:22:57

rst:0x1 (POWERON_RESET),boot:0x13 (SPI_FAST_FLASH_BOOT)
configsip: 0, SPIWP:0xee
clk_drv:0x00,q_drv:0x00,d_drv:0x00,cs0_drv:0x00,hd_drv:0x00,wp_drv:0x00
mode:DIO, clock div:2
load:0x3fff0030,len:7084
ho 0 tail 12 room 4
load:0x40078000,len:15584
load:0x40080400,len:4
load:0x40080404,len:3876
entry 0x4008064c
[0;32mI (31) boot: ESP-IDF v5.1.1-dirty 2nd stage bootloader[0m
[0;32mI (31) boot: compile time Oct 13 2023 20:04:41[0m
[0;32mI (31) boot: Multicore bootloader[0m
[0;32mI (36) boot: chip revision: v1.0[0m
[0;32mI (39) boot.esp32: SPI Speed      : 40MHz[0m
[0;32mI (44) boot.esp32: SPI Mode       : DIO[0m
[0;32mI (49) boot.esp32: SPI Flash Size : 4MB[0m
[0;32mI (53) boot: Enabling RNG early entropy source...[0m
[0;32mI (59) boot: Partition Table:[0m
[0;32mI (62) boot: ## Label            Usage          Type ST Offset   Length[0m
[0;32mI (69) boot:  0 nvs              WiFi data        01 02 00009000 00006000[0m
[0;32mI (77) boot:  1 phy_init         RF data          01 01 0000f000 00001000[0m
[0;32mI (84) boot:  2 factory          factory app      00 00 00010000 00100000[0m
[0;32mI (92) boot: End of partition table[0m
[0;32mI (96) esp_image: segment 0: paddr=00010020 vaddr=3f400020 size=252cch (152268) map[0m
[0;32mI (160) esp_image: segment 1: paddr=000352f4 vaddr=3ffb0000 size=037d0h ( 14288) load[0m
[0;32mI (165) esp_image: segment 2: paddr=00038acc vaddr=40080000 size=0754ch ( 30028) load[0m
[0;32mI (178) esp_image: segment 3: paddr=00040020 vaddr=400d0020 size=972ech (619244) map[0m
[0;32mI (402) esp_image: segment 4: paddr=000d7314 vaddr=4008754c size=0e194h ( 57748) load[0m
[0;32mI (437) boot: Loaded app from partition at offset 0x10000[0m
[0;32mI (437) boot: Disabling RNG early entropy source...[0m
[0;32mI (449) cpu_start: Multicore app[0m
[0;32mI (449) cpu_start: Pro cpu up.[0m
[0;32mI (449) cpu_start: Starting app cpu, entry point is 0x4008137c[0m
[0;32mI (0) cpu_start: App cpu up.[0m
[0;32mI (467) cpu_start: Pro cpu start user code[0m
[0;32mI (467) cpu_start: cpu freq: 160000000 Hz[0m
[0;32mI (467) cpu_start: Application information:[0m
[0;32mI (472) cpu_start: Project name:     Test_1[0m
[0;32mI (476) cpu_start: App version:      1[0m
[0;32mI (481) cpu_start: Compile time:     Oct 13 2023 20:04:31[0m
[0;32mI (487) cpu_start: ELF file SHA256:  dca3edeba11cc053...[0m
[0;32mI (493) cpu_start: ESP-IDF:          v5.1.1-dirty[0m
[0;32mI (498) cpu_start: Min chip rev:     v0.0[0m
[0;32mI (503) cpu_start: Max chip rev:     v3.99 [0m
[0;32mI (508) cpu_start: Chip rev:         v1.0[0m
[0;32mI (513) heap_init: Initializing. RAM available for dynamic allocation:[0m
[0;32mI (520) heap_init: At 3FFAE6E0 len 00001920 (6 KiB): DRAM[0m
[0;32mI (526) heap_init: At 3FFB7EA8 len 00028158 (160 KiB): DRAM[0m
[0;32mI (532) heap_init: At 3FFE0440 len 00003AE0 (14 KiB): D/IRAM[0m
[0;32mI (538) heap_init: At 3FFE4350 len 0001BCB0 (111 KiB): D/IRAM[0m
[0;32mI (545) heap_init: At 400956E0 len 0000A920 (42 KiB): IRAM[0m
[0;32mI (553) spi_flash: detected chip: generic[0m
[0;32mI (556) spi_flash: flash io: dio[0m
[0;32mI (561) app_start: Starting scheduler on CPU0[0m
[0;32mI (565) app_start: Starting scheduler on CPU1[0m
[0;32mI (565) main_task: Started on CPU0[0m
[0;32mI (575) main_task: Calling app_main()[0m
I (615) wifi:wifi driver task: 3ffbff24, prio:23, stack:6656, core=0
I (625) wifi:wifi firmware version: ce9244d
I (635) wifi:wifi certification version: v7.0
I (635) wifi:config NVS flash: enabled
I (635) wifi:config nano formating: disabled
I (635) wifi:Init data frame dynamic rx buffer num: 32
I (635) wifi:Init management frame dynamic rx buffer num: 32
I (645) wifi:Init management short buffer num: 32
I (645) wifi:Init dynamic tx buffer num: 32
I (655) wifi:Init static rx buffer size: 1600
I (655) wifi:Init static rx buffer num: 10
I (665) wifi:Init dynamic rx buffer num: 32
[0;32mI (665) wifi_init: rx ba win: 6[0m
[0;32mI (665) wifi_init: tcpip mbox: 32[0m
[0;32mI (675) wifi_init: udp mbox: 6[0m
[0;32mI (675) wifi_init: tcp mbox: 6[0m
[0;32mI (685) wifi_init: tcp tx win: 5744[0m
[0;32mI (685) wifi_init: tcp rx win: 5744[0m
[0;32mI (685) wifi_init: tcp mss: 1440[0m
[0;32mI (695) wifi_init: WiFi IRAM OP enabled[0m
[0;32mI (695) wifi_init: WiFi RX IRAM OP enabled[0m
[0;32mI (705) phy_init: phy_version 4670,719f9f6,Feb 18 2021,17:07:07[0m
I (815) wifi:mode : sta (0c:dc:7e:63:2e:14)
I (815) wifi:enable tsf
[0;32mI (825) wifi station: Wifi_init_station finished.[0m
I (905) wifi:new:<6,0>, old:<1,0>, ap:<255,255>, sta:<6,0>, prof:1
I (905) wifi:state: init -> auth (b0)
I (2015) wifi:state: auth -> assoc (0)
I (2065) wifi:Association refused temporarily, comeback time 196 (TUs)
I (2265) wifi:state: assoc -> assoc (0)
I (2265) wifi:Association refused temporarily, comeback time 196 (TUs)
I (2475) wifi:state: assoc -> assoc (0)
I (2475) wifi:Association refused temporarily, comeback time 196 (TUs)
I (2675) wifi:state: assoc -> assoc (0)
I (2685) wifi:Association refused temporarily, comeback time 196 (TUs)
I (2885) wifi:state: assoc -> assoc (0)
I (2895) wifi:state: assoc -> run (10)
I (12895) wifi:state: run -> init (cc00)
I (12895) wifi:new:<6,0>, old:<6,0>, ap:<255,255>, sta:<6,0>, prof:1
[0;32mI (12895) wifi station: retry to connect to the AP[0m
[0;31mE (12895) wifi station: connect to the AP fail[0m
[0;32mI (15315) wifi station: retry to connect to the AP[0m
[0;31mE (15315) wifi station: connect to the AP fail[0m
I (15345) wifi:new:<6,0>, old:<6,0>, ap:<255,255>, sta:<6,0>, prof:1
I (15345) wifi:state: init -> auth (b0)
I (16455) wifi:state: auth -> assoc (0)
I (16465) wifi:state: assoc -> run (10)
I (16545) wifi:connected with Khoa, aid = 2, channel 6, BW20, bssid = 82:65:64:fb:22:e9
I (16545) wifi:security: WPA3-SAE, phy: bgn, rssi: -20
I (16555) wifi:pm start, type: 1

I (16565) wifi:AP's beacon interval = 102400 us, DTIM period = 1
I (17065) wifi:<ba-add>idx:0 (ifx:0, 82:65:64:fb:22:e9), tid:0, ssn:2, winSize:64
[0;32mI (18055) esp_netif_handlers: sta ip: 172.20.10.3, mask: 255.255.255.240, gw: 172.20.10.1[0m
[0;32mI (18055) wifi station: got ip:172.20.10.3[0m
[0;32mI (18055) wifi station: Connected to ap SSID:Khoa password:17042021[0m
[0;32mI (18065) MQTT: Other event id:7[0m
[0;32mI (18095) DHT11: Temperature: 24.049999 Humidity: 58.000000[0m
[0;32mI (18095) main_task: Returned from app_main()[0m
[0;32mI (18155) MQTT: MQTT_EVENT_CONNECTED[0m
[0;32mI (18175) MQTT: MQTT_EVENT_PUBLISHED, msg_id=42037[0m
[0;32mI (18185) MQTT: MQTT_EVENT_PUBLISHED, msg_id=4185[0m
[0;32mI (20185) DHT11: Temperature: 24.049999 Humidity: 60.000000[0m
[0;32mI (20465) MQTT: MQTT_EVENT_PUBLISHED, msg_id=19481[0m
[0;32mI (20605) MQTT: MQTT_EVENT_PUBLISHED, msg_id=51305[0m
[0;32mI (22215) DHT11: Temperature: 24.049999 Humidity: 60.000000[0m
[0;32mI (22315) MQTT: MQTT_EVENT_PUBLISHED, msg_id=16164[0m
[0;32mI (22515) MQTT: MQTT_EVENT_PUBLISHED, msg_id=39246[0m
[0;31mE (24245) DHT11: Failed to read data from DHT11![0m
[0;32mI (24455) MQTT: MQTT_EVENT_PUBLISHED, msg_id=57443[0m
[0;32mI (24665) MQTT: MQTT_EVENT_PUBLISHED, msg_id=62423[0m
[0;32mI (26275) DHT11: Temperature: 24.049999 Humidity: 60.000000[0m
[0;32mI (27125) MQTT: MQTT_EVENT_PUBLISHED, msg_id=11417[0m
[0;32mI (27325) MQTT: MQTT_EVENT_PUBLISHED, msg_id=61601[0m
[0;32mI (28305) DHT11: Temperature: 24.049999 Humidity: 60.000000[0m
[0;32mI (28345) MQTT: MQTT_EVENT_PUBLISHED, msg_id=28340[0m
[0;32mI (28365) MQTT: MQTT_EVENT_PUBLISHED, msg_id=18594[0m
[0;32mI (30335) DHT11: Temperature: 24.049999 Humidity: 61.000000[0m
[0;32mI (30505) MQTT: MQTT_EVENT_PUBLISHED, msg_id=5058[0m
[0;32mI (30705) MQTT: MQTT_EVENT_PUBLISHED, msg_id=15495[0m
[0;32mI (32365) DHT11: Temperature: 24.049999 Humidity: 61.000000[0m
[0;32mI (32455) MQTT: MQTT_EVENT_PUBLISHED, msg_id=51149[0m
[0;32mI (32465) MQTT: MQTT_EVENT_PUBLISHED, msg_id=11713[0m
[0;31mE (34385) DHT11: Failed to read data from D