ets Jun  8 2016 00:22:57

rst:0x1 (POWERON_RESET),boot:0x13 (SPI_FAST_FLASH_BOOT)
configsip: 0, SPIWP:0xee
clk_drv:0x00,q_drv:0x00,d_drv:0x00,cs0_drv:0x00,hd_drv:0x00,wp_drv:0x00
mode:DIO, clock div:2
load:0x3fff0030,len:7084
ho 0 tail 12 room 4
load:0x40078000,len:15584
load:0x40080400,len:4
load:0x40080404,len:3876
entry 0x4008064c
[0;32mI (31) boot: ESP-IDF v5.1.1-dirty 2nd stage bootloader[0m
[0;32mI (31) boot: compile time Oct 13 2023 20:04:41[0m
[0;32mI (31) boot: Multicore bootloader[0m
[0;32mI (36) boot: chip revision: v1.0[0m
[0;32mI (39) boot.esp32: SPI Speed      : 40MHz[0m
[0;32mI (44) boot.esp32: SPI Mode       : DIO[0m
[0;32mI (49) boot.esp32: SPI Flash Size : 4MB[0m
[0;32mI (53) boot: Enabling RNG early entropy source...[0m
[0;32mI (59) boot: Partition Table:[0m
[0;32mI (62) boot: ## Label            Usage          Type ST Offset   Length[0m
[0;32mI (69) boot:  0 nvs              WiFi data        01 02 00009000 00006000[0m
[0;32mI (77) boot:  1 phy_init         RF data          01 01 0000f000 00001000[0m
[0;32mI (84) boot:  2 factory          factory app      00 00 00010000 00100000[0m
[0;32mI (92) boot: End of partition table[0m
[0;32mI (96) esp_image: segment 0: paddr=00010020 vaddr=3f400020 size=25424h (152612) map[0m
[0;32mI (160) esp_image: segment 1: paddr=0003544c vaddr=3ffb0000 size=037b0h ( 14256) load[0m
[0;32mI (166) esp_image: segment 2: paddr=00038c04 vaddr=40080000 size=07414h ( 29716) load[0m
[0;32mI (178) esp_image: segment 3: paddr=00040020 vaddr=400d0020 size=974fch (619772) map[0m
[0;32mI (402) esp_image: segment 4: paddr=000d7524 vaddr=40087414 size=0e2cch ( 58060) load[0m
[0;32mI (437) boot: Loaded app from partition at offset 0x10000[0m
[0;32mI (437) boot: Disabling RNG early entropy source...[0m
[0;32mI (449) cpu_start: Multicore app[0m
[0;32mI (449) cpu_start: Pro cpu up.[0m
[0;32mI (449) cpu_start: Starting app cpu, entry point is 0x4008137c[0m
[0;32mI (0) cpu_start: App cpu up.[0m
[0;32mI (467) cpu_start: Pro cpu start user code[0m
[0;32mI (467) cpu_start: cpu freq: 160000000 Hz[0m
[0;32mI (467) cpu_start: Application information:[0m
[0;32mI (472) cpu_start: Project name:     Test_1[0m
[0;32mI (477) cpu_start: App version:      1[0m
[0;32mI (481) cpu_start: Compile time:     Oct 13 2023 20:04:31[0m
[0;32mI (487) cpu_start: ELF file SHA256:  e4eec27e80ede758...[0m
[0;32mI (493) cpu_start: ESP-IDF:          v5.1.1-dirty[0m
[0;32mI (499) cpu_start: Min chip rev:     v0.0[0m
[0;32mI (503) cpu_start: Max chip rev:     v3.99 [0m
[0;32mI (508) cpu_start: Chip rev:         v1.0[0m
[0;32mI (513) heap_init: Initializing. RAM available for dynamic allocation:[0m
[0;32mI (520) heap_init: At 3FFAE6E0 len 00001920 (6 KiB): DRAM[0m
[0;32mI (526) heap_init: At 3FFB7E88 len 00028178 (160 KiB): DRAM[0m
[0;32mI (532) heap_init: At 3FFE0440 len 00003AE0 (14 KiB): D/IRAM[0m
[0;32mI (539) heap_init: At 3FFE4350 len 0001BCB0 (111 KiB): D/IRAM[0m
[0;32mI (545) heap_init: At 400956E0 len 0000A920 (42 KiB): IRAM[0m
[0;32mI (553) spi_flash: detected chip: generic[0m
[0;32mI (556) spi_flash: flash io: dio[0m
[0;32mI (561) app_start: Starting scheduler on CPU0[0m
[0;32mI (565) app_start: Starting scheduler on CPU1[0m
[0;32mI (565) main_task: Started on CPU0[0m
[0;32mI (575) main_task: Calling app_main()[0m
I (615) wifi:wifi driver task: 3ffbff04, prio:23, stack:6656, core=0
I (625) wifi:wifi firmware version: ce9244d
I (635) wifi:wifi certification version: v7.0
I (635) wifi:config NVS flash: enabled
I (635) wifi:config nano formating: disabled
I (635) wifi:Init data frame dynamic rx buffer num: 32
I (635) wifi:Init management frame dynamic rx buffer num: 32
I (645) wifi:Init management short buffer num: 32
I (645) wifi:Init dynamic tx buffer num: 32
I (655) wifi:Init static rx buffer size: 1600
I (655) wifi:Init static rx buffer num: 10
I (665) wifi:Init dynamic rx buffer num: 32
[0;32mI (665) wifi_init: rx ba win: 6[0m
[0;32mI (665) wifi_init: tcpip mbox: 32[0m
[0;32mI (675) wifi_init: udp mbox: 6[0m
[0;32mI (675) wifi_init: tcp mbox: 6[0m
[0;32mI (685) wifi_init: tcp tx win: 5744[0m
[0;32mI (685) wifi_init: tcp rx win: 5744[0m
[0;32mI (685) wifi_init: tcp mss: 1440[0m
[0;32mI (695) wifi_init: WiFi IRAM OP enabled[0m
[0;32mI (695) wifi_init: WiFi RX IRAM OP enabled[0m
[0;32mI (705) phy_init: phy_version 4670,719f9f6,Feb 18 2021,17:07:07[0m
I (815) wifi:mode : sta (0c:dc:7e:63:2e:14)
I (815) wifi:enable tsf
[0;32mI (815) wifi station: Wifi_init_station finished.[0m
I (835) wifi:new:<6,0>, old:<1,0>, ap:<255,255>, sta:<6,0>, prof:1
I (835) wifi:state: init -> auth (b0)
I (1965) wifi:state: auth -> assoc (0)
I (1975) wifi:state: assoc -> run (10)
I (2355) wifi:connected with Khoa, aid = 2, channel 6, BW20, bssid = 4e:50:34:54:c8:93
I (2355) wifi:security: WPA3-SAE, phy: bgn, rssi: -20
I (2365) wifi:pm start, type: 1

I (2375) wifi:<ba-add>idx:0 (ifx:0, 4e:50:34:54:c8:93), tid:0, ssn:2, winSize:64
I (2395) wifi:AP's beacon interval = 102400 us, DTIM period = 1
[0;32mI (3865) esp_netif_handlers: sta ip: 172.20.10.3, mask: 255.255.255.240, gw: 172.20.10.1[0m
[0;32mI (3865) wifi station: got ip:172.20.10.3[0m
[0;32mI (3865) wifi station: Connected to ap SSID:Khoa password:17042021[0m
[0;32mI (3875) MQTT: Other event id:7[0m
[0;32mI (3895) main_task: Returned from app_main()[0m
[0;31mE (3895) DHT11: Failed to read data from DHT11![0m
[0;32mI (3995) MQTT: MQTT_EVENT_CONNECTED[0m
[0;32mI (3995) MQTT: sent publish successful, msg_id=41218[0m
[0;32mI (4005) MQTT: sent subscribe successful, msg_id=65047[0m
[0;32mI (4015) MQTT: MQTT_EVENT_PUBLISHED, msg_id=41218[0m
[0;32mI (4035) MQTT: MQTT_EVENT_SUBSCRIBED, msg_id=65047[0m
[0;32mI (4035) MQTT: sent publish successful, msg_id=0[0m
[0;32mI (4075) MQTT: MQTT_EVENT_DATA[0m
TOPIC=dht11
DATA=Temperature: 0.0 Humidity: 0.0
[0;32mI (4135) MQTT: MQTT_EVENT_DATA[0m
TOPIC=dht11
DATA=data_1
[0;32mI (6025) DHT11: Temperature: 27.010000 Humidity: 68.000000[0m
[0;32mI (6295) MQTT: MQTT_EVENT_DATA[0m
TOPIC=dht11
DATA=Temperature: 27.0 Humidity: 68.0
[0;32mI (8045) DHT11: Temperature: 27.010000 Humidity: 68.000000[0m
[0;32mI (8545) MQTT: MQTT_EVENT_DATA[0m
TOPIC=dht11
DATA=Temperature: 27.0 Humidity: 68.0
[0;32mI (10065) DHT11: Temperature: 27.010000 Humidity: 68.000000[0m
[0;32mI (10095) MQTT: MQTT_EVENT_DATA[0m
TOPIC=dht11
DATA=Temperature: 27.0 Humidity: 68.0
[0;32mI (12085) DHT11: Temperature: 27.010000 Humidity: 68.000000[0m
[0;32mI (12435) MQTT: MQTT_EVENT_DATA[0m
TOPIC=dht11
DATA=Temperature: 27.0 Humidity: 68.0
[0;32mI (14105) DHT11: Temperature: 27.010000 Humidity: 68.000000[0m
[0;32mI (14375) MQTT: MQTT_EVENT_DATA[0m
TOPIC=dht11
DATA=Temperature: 27.0 Humidity: 68.0
[0;31mE (16125) DHT11: Failed to read data from DHT11![0m
[0;32mI (16435) MQTT: MQTT_EVENT_DATA[0m
TOPIC=dht11
DATA=Temperature: 27.0 Humidity: 68.0
[0;32mI (18145) DHT11: Temperature: 27.010000 Humidity: 68.000000[0m
[0;32mI (18375) MQTT: MQTT_EVENT_DATA[0m
TOPIC=dht11
DATA=Temperature: 27.0 Humidity: 68.0
[0;32mI (20165) DHT11: Temperature: 27.010000 Humidity: 68.000000[0m
[0;32mI (20445) MQTT: MQTT_EVENT_DATA[0m
TOPIC=dht11
DATA=Temperature: 27.0 Humidity: 68.0
[0;32mI (22185) DHT11: Temperature: 27.010000 Humidity: 68.000000[0m
[0;32mI (22205) MQTT: MQTT_EVENT_DATA[0m
TOPIC=dht11
DATA=Temperature: 27.0 Humidity: 68.0
[0;31mE (24205) DHT11: Failed to read data from DHT11![0m
[0;32mI (24515) MQTT: MQTT_EVENT_DATA[0m
TOPIC=dht11
DATA=Temperature: 27.0 Humidity: 68.0
[0;32mI (26225) DHT11: Temperature: 27.010000 Humidity: 69.000000[0m
[0;32mI (26365) MQTT: MQTT_EVENT_DATA[0m
TOPIC=dht11
DATA=Temperature: 27.0 Humidity: 69.0
[0;32mI (28245) DHT11: Temperature: 27.010000 Humidity: 69.000000[0m
[0;32mI (28515) MQTT: MQTT_EVENT_DATA[0m
TOPIC=dht11
DATA=Temperature: 27.0 Humidity: 69.0
[0;32mI (30265) DHT11: Temperature: 27.010000 Humidity: 68.000000[0m
[0;32mI (30775) MQTT: MQTT_EVENT_DATA[0m
TOPIC=dht11
DATA=Temperature: 27.0 Humidity: 68.0
[0;32mI (32285) DHT11: Temperature: 27.010000 Humidity: 68.000000[0m
[0;32mI (32505) MQTT: MQTT_EVENT_DATA[0m
TOPIC=dht11
DATA=Temperature: 27.0 Humidity: 68.0
[0;32mI (34305) DHT11: Temperature: 27.010000 Humidity: 68.000000[0m
[0;32mI (34465) MQTT: MQTT_EVENT_DATA[0m
TOPIC=dht11
DATA=Temperature: 27.0 Humidity: 68.0
[0;32mI (36325) DHT11: Temperature: 27.010000 Humidity: 68.000000[0m
[0;32mI (36515) MQTT: MQTT_EVENT_DATA[0m
TOPIC=dht11
DATA=Temperature: 27.0 Humidity: 68.0
[0;32mI (38345) DHT11: Temperature: 27.010000 Humidity: 68.000000[0m
[0;32mI (38655) MQTT: MQTT_EVENT_DATA[0m
TOPIC=dht11
DATA=Temperature: 27.0 Humidity: 68.0
[0;32mI (40365) DHT11: Temperature: 27.010000 Humidity: 68.000000[0m
[0;32mI (40805) MQTT: MQTT_EVENT_DATA[0m
TOPIC=dht11
DATA=Temperature: 27.0 Humidity: 68.0
[0;32mI (42385) DHT11: Temperature: 27.010000 Humidity: 68.000000[0m
[0;32mI (42425) MQTT: MQTT_EVENT_DATA[0m
TOPIC=dht11
DATA=Temperature: 27.0 Humidity: 68.0
[0;32mI (44405) DHT11: Temperature: 27.010000 Humidity: 68.000000[0m
[0;32mI (44515) MQTT: MQTT_EVENT_DATA[0m
TOPIC=dht11
DATA=Temperature: 27.0 Humidity: 68.0
[0;32mI (46425) DHT11: Temperature: 27.010000 Humidity: 68.000000[0m
[0;32mI (46735) MQTT: MQTT_EVENT_DATA[0m
TOPIC=dht11
DATA=Temperature: 27.0 Humidity: 68.0
[0;32mI (48445) DHT11: Temperature: 27.010000 Humidity: 68.000000[0m
[0;32mI (48485) MQTT: MQTT_EVENT_DATA[0m
TOPIC=dht11
DATA=Temperature: 27.0 Humidity: 68.0
[0;32mI (50465) DHT11: Temperature: 27.010000 Humidity: 68.000000[0m
[0;32mI (50635) MQTT: MQTT_EVENT_DATA[0m
TOPIC=dht11
DATA=Temperature: 27.0 Humidity: 68.0
